V3 7
FL /home/lab661/Documents/xvitou03/Digital-electronics-1/Labs/03-segment/hex_to_segment/hex_to_seg.vhd 2020/02/19.11:07:45 P.20131013
EN work/hex_to_7seg 1582109403 \
      FL /home/lab661/Documents/xvitou03/Digital-electronics-1/Labs/03-segment/hex_to_segment/hex_to_seg.vhd \
      PB ieee/std_logic_1164 1381692176
AR work/hex_to_7seg/Behavioral 1582109404 \
      FL /home/lab661/Documents/xvitou03/Digital-electronics-1/Labs/03-segment/hex_to_segment/hex_to_seg.vhd \
      EN work/hex_to_7seg 1582109403
FL /home/lab661/Documents/xvitou03/Digital-electronics-1/Labs/03-segment/hex_to_segment/top.vhd 2020/02/19.11:47:38 P.20131013
EN work/top 1582109405 \
      FL /home/lab661/Documents/xvitou03/Digital-electronics-1/Labs/03-segment/hex_to_segment/top.vhd \
      PB ieee/std_logic_1164 1381692176
AR work/top/Behavioral 1582109406 \
      FL /home/lab661/Documents/xvitou03/Digital-electronics-1/Labs/03-segment/hex_to_segment/top.vhd \
      EN work/top 1582109405 CP work/hex_to_7seg
